// Jest Snapshot v1, https://goo.gl/fbAQLP

exports[`<TextField /> TextField renders correctly 1`] = `
<label
  className="text-field"
  htmlFor="login"
>
  <input
    autoComplete="off"
    className="text-field__input"
    name="login"
    onInput={[Function]}
  />
  <div
    className="text-field__label"
  />
  <span
    className="text-field__error"
  />
</label>
`;
