// Jest Snapshot v1, https://goo.gl/fbAQLP

exports[`<TextField /> TextField renders correctly 1`] = `
<label
  className="text-field"
  htmlFor="login"
>
  <input
    className="text-field__input"
    name="login"
  />
  <div
    className="text-field__label"
  />
  <span
    className="text-field__error"
  />
</label>
`;
